---
source: src/day_3.rs
expression: index
---
{
    (
        0,
        0,
    ): (
        0,
        467,
    ),
    (
        0,
        1,
    ): (
        0,
        467,
    ),
    (
        0,
        2,
    ): (
        0,
        467,
    ),
    (
        0,
        5,
    ): (
        1,
        114,
    ),
    (
        0,
        6,
    ): (
        1,
        114,
    ),
    (
        0,
        7,
    ): (
        1,
        114,
    ),
    (
        2,
        2,
    ): (
        2,
        35,
    ),
    (
        2,
        3,
    ): (
        2,
        35,
    ),
    (
        2,
        6,
    ): (
        3,
        633,
    ),
    (
        2,
        7,
    ): (
        3,
        633,
    ),
    (
        2,
        8,
    ): (
        3,
        633,
    ),
    (
        4,
        0,
    ): (
        4,
        617,
    ),
    (
        4,
        1,
    ): (
        4,
        617,
    ),
    (
        4,
        2,
    ): (
        4,
        617,
    ),
    (
        5,
        7,
    ): (
        5,
        58,
    ),
    (
        5,
        8,
    ): (
        5,
        58,
    ),
    (
        6,
        2,
    ): (
        6,
        592,
    ),
    (
        6,
        3,
    ): (
        6,
        592,
    ),
    (
        6,
        4,
    ): (
        6,
        592,
    ),
    (
        7,
        6,
    ): (
        7,
        755,
    ),
    (
        7,
        7,
    ): (
        7,
        755,
    ),
    (
        7,
        8,
    ): (
        7,
        755,
    ),
    (
        9,
        1,
    ): (
        8,
        664,
    ),
    (
        9,
        2,
    ): (
        8,
        664,
    ),
    (
        9,
        3,
    ): (
        8,
        664,
    ),
    (
        9,
        5,
    ): (
        9,
        598,
    ),
    (
        9,
        6,
    ): (
        9,
        598,
    ),
    (
        9,
        7,
    ): (
        9,
        598,
    ),
}
